Host: iris-184
Start: Fri Dec 26 22:23:47 CET 2025
GPU check:
Fri Dec 26 22:23:51 2025       
+-----------------------------------------------------------------------------------------+
| NVIDIA-SMI 565.57.01              Driver Version: 565.57.01      CUDA Version: 12.7     |
|-----------------------------------------+------------------------+----------------------+
| GPU  Name                 Persistence-M | Bus-Id          Disp.A | Volatile Uncorr. ECC |
| Fan  Temp   Perf          Pwr:Usage/Cap |           Memory-Usage | GPU-Util  Compute M. |
|                                         |                        |               MIG M. |
|=========================================+========================+======================|
|   0  Tesla V100-SXM2-16GB           On  |   00000000:1A:00.0 Off |                    0 |
| N/A   41C    P0             44W /  300W |       1MiB /  16384MiB |      0%      Default |
|                                         |                        |                  N/A |
+-----------------------------------------+------------------------+----------------------+
                                                                                         
+-----------------------------------------------------------------------------------------+
| Processes:                                                                              |
|  GPU   GI   CI        PID   Type   Process name                              GPU Memory |
|        ID   ID                                                               Usage      |
|=========================================================================================|
|  No running processes found                                                             |
+-----------------------------------------------------------------------------------------+
torch 2.5.1+cu121 cuda_available True
REPO_ROOT=/mnt/aiongpfs/users/nmo/spark_project
Device: cuda
Load PResNet50 state_dict
Loading weights: /mnt/aiongpfs/users/nmo/spark_project/checkpoints/detection/detection_model/best.pth
Found 20000 test images.
[200/20000] done
[400/20000] done
[600/20000] done
[800/20000] done
[1000/20000] done
[1200/20000] done
[1400/20000] done
[1600/20000] done
[1800/20000] done
[2000/20000] done
[2200/20000] done
[2400/20000] done
[2600/20000] done
[2800/20000] done
[3000/20000] done
[3200/20000] done
[3400/20000] done
[3600/20000] done
[3800/20000] done
[4000/20000] done
[4200/20000] done
[4400/20000] done
[4600/20000] done
[4800/20000] done
[5000/20000] done
[5200/20000] done
[5400/20000] done
[5600/20000] done
[5800/20000] done
[6000/20000] done
[6200/20000] done
[6400/20000] done
[6600/20000] done
[6800/20000] done
[7000/20000] done
[7200/20000] done
[7400/20000] done
[7600/20000] done
[7800/20000] done
[8000/20000] done
[8200/20000] done
[8400/20000] done
[8600/20000] done
[8800/20000] done
[9000/20000] done
[9200/20000] done
[9400/20000] done
[9600/20000] done
[9800/20000] done
[10000/20000] done
[10200/20000] done
[10400/20000] done
[10600/20000] done
[10800/20000] done
[11000/20000] done
[11200/20000] done
[11400/20000] done
[11600/20000] done
[11800/20000] done
[12000/20000] done
[12200/20000] done
[12400/20000] done
[12600/20000] done
[12800/20000] done
[13000/20000] done
[13200/20000] done
[13400/20000] done
[13600/20000] done
[13800/20000] done
[14000/20000] done
[14200/20000] done
[14400/20000] done
[14600/20000] done
[14800/20000] done
[15000/20000] done
[15200/20000] done
[15400/20000] done
[15600/20000] done
[15800/20000] done
[16000/20000] done
[16200/20000] done
[16400/20000] done
[16600/20000] done
[16800/20000] done
[17000/20000] done
[17200/20000] done
[17400/20000] done
[17600/20000] done
[17800/20000] done
[18000/20000] done
[18200/20000] done
[18400/20000] done
[18600/20000] done
[18800/20000] done
[19000/20000] done
[19200/20000] done
[19400/20000] done
[19600/20000] done
[19800/20000] done
[20000/20000] done
Saved: /mnt/aiongpfs/users/nmo/spark_project/inference_results/detection/detection_test_predictions.json
End: Fri Dec 26 22:39:28 CET 2025
